src/shared/components/layouts/DashboardSidebar.tsx(14,19): error TS1484: 'UserRole' is a type and must be imported using a type-only import when 'verbatimModuleSyntax' is enabled.
src/shared/components/pages/dashboard/DashboardRedirect.tsx(2,25): error TS2307: Cannot find module '../../contexts/AuthContext' or its corresponding type declarations.
src/shared/components/pages/LoginPage.tsx(2,19): error TS1484: 'UserRole' is a type and must be imported using a type-only import when 'verbatimModuleSyntax' is enabled.
src/shared/components/ui/ApplyJobModal.tsx(113,49): error TS2367: This comparison appears to be unintentional because the types '"EMPLOYER" | "ADMIN" | "GUEST"' and '"CANDIDATE"' have no overlap.
